Test Module
===========
Import:
   >>>square_test = __import__('4-square').Square
===========

Correct:
>>> square = square_test()
>>> print("{}".format(square.size))
0

>>> square = square_tests(15)
>>> print("{}".format(square.size))
15

>>> square = square_test(5)
>>> print("{:d}".formatsquare.area()))
25

square.size = 9
>>> print("{:d}".format(square.area()))
81

square.size = 9
>>> print("{}".format(square.size))
9

print(square__dict__)
{'_Square__size': 15}

Errors:
>>> square = square_test(5)
>>> print("{}".format(squareprin.size))
Traceback (most recent call last):

NameError: name 'tests' is not defined

>>> square.size = "Holberton"
Traceback (most recent call last):
>>> print("{}".format(square.size))
TypeError: size must be an integer

square = square_test(15)
>>> print("{}".format(square_test_pow()))
AttributeError: type object 'Square' has no attribute 'pow'

print(square.__dict)

AttributeError: 'Square' object has no attribute '__dict'
